// Jest Snapshot v1, https://goo.gl/fbAQLP

exports[`Button should render component 1`] = `
Array [
  <button>
    
  </button>,
]
`;
